// Jest Snapshot v1, https://goo.gl/fbAQLP

exports[`FifoLogger 1`] = `
[
  {
    "level": 30,
    "levelLabel": "info",
    "message": "This is an info",
    "meta": {},
  },
  {
    "level": 40,
    "levelLabel": "warn",
    "message": "This is a warning with object",
    "meta": {},
  },
  {
    "level": 40,
    "levelLabel": "warn",
    "message": "This is a warning",
    "meta": {
      "a": 1,
      "b": 2,
      "c": "Hello",
    },
  },
  {
    "level": 50,
    "levelLabel": "error",
    "message": "This is an error in a child",
    "meta": {},
  },
  {
    "level": 60,
    "levelLabel": "fatal",
    "message": "Fatal error",
    "meta": {},
  },
  {
    "level": 30,
    "levelLabel": "info",
    "message": "This is an info in a child pino",
    "meta": {},
  },
]
`;

exports[`FifoLogger 2`] = `
[
  {
    "message": "This is an error in a child",
    "meta": {},
  },
  {
    "message": "Fatal error",
    "meta": {},
  },
  {
    "message": "This is an info in a child pino",
    "meta": {},
  },
]
`;
